{
  "version": "1.5.0",
  "plugins_used": [
    {
      "name": "ArtifactoryDetector"
    },
    {
      "name": "AWSKeyDetector"
    },
    {
      "name": "AzureStorageKeyDetector"
    },
    {
      "name": "Base64HighEntropyString",
      "limit": 4.5
    },
    {
      "name": "BasicAuthDetector"
    },
    {
      "name": "CloudantDetector"
    },
    {
      "name": "DiscordBotTokenDetector"
    },
    {
      "name": "GitHubTokenDetector"
    },
    {
      "name": "GitLabTokenDetector"
    },
    {
      "name": "HexHighEntropyString",
      "limit": 3.0
    },
    {
      "name": "IbmCloudIamDetector"
    },
    {
      "name": "IbmCosHmacDetector"
    },
    {
      "name": "IPPublicDetector"
    },
    {
      "name": "JwtTokenDetector"
    },
    {
      "name": "KeywordDetector",
      "keyword_exclude": ""
    },
    {
      "name": "MailchimpDetector"
    },
    {
      "name": "NpmDetector"
    },
    {
      "name": "OpenAIDetector"
    },
    {
      "name": "PrivateKeyDetector"
    },
    {
      "name": "PypiTokenDetector"
    },
    {
      "name": "SendGridDetector"
    },
    {
      "name": "SlackDetector"
    },
    {
      "name": "SoftlayerDetector"
    },
    {
      "name": "SquareOAuthDetector"
    },
    {
      "name": "StripeDetector"
    },
    {
      "name": "TelegramBotTokenDetector"
    },
    {
      "name": "TwilioKeyDetector"
    }
  ],
  "filters_used": [
    {
      "path": "detect_secrets.filters.allowlist.is_line_allowlisted"
    },
    {
      "path": "detect_secrets.filters.common.is_ignored_due_to_verification_policies",
      "min_level": 2
    },
    {
      "path": "detect_secrets.filters.heuristic.is_indirect_reference"
    },
    {
      "path": "detect_secrets.filters.heuristic.is_likely_id_string"
    },
    {
      "path": "detect_secrets.filters.heuristic.is_lock_file"
    },
    {
      "path": "detect_secrets.filters.heuristic.is_not_alphanumeric_string"
    },
    {
      "path": "detect_secrets.filters.heuristic.is_potential_uuid"
    },
    {
      "path": "detect_secrets.filters.heuristic.is_prefixed_with_dollar_sign"
    },
    {
      "path": "detect_secrets.filters.heuristic.is_sequential_string"
    },
    {
      "path": "detect_secrets.filters.heuristic.is_swagger_file"
    },
    {
      "path": "detect_secrets.filters.heuristic.is_templated_secret"
    }
  ],
  "results": {
    ".github/workflows/build-nightly.yml": [
      {
        "type": "Secret Keyword",
        "filename": ".github/workflows/build-nightly.yml",
        "hashed_secret": "11b166cc85e3397765fdc6e8862f14698cdf90c9",
        "is_verified": false,
        "line_number": 36
      },
      {
        "type": "Secret Keyword",
        "filename": ".github/workflows/build-nightly.yml",
        "hashed_secret": "3e26d6750975d678acb8fa35a0f69237881576b0",
        "is_verified": false,
        "line_number": 84
      }
    ],
    ".github/workflows/main.yml": [
      {
        "type": "Secret Keyword",
        "filename": ".github/workflows/main.yml",
        "hashed_secret": "3e26d6750975d678acb8fa35a0f69237881576b0",
        "is_verified": false,
        "line_number": 123
      }
    ],
    ".github/workflows/production-new-manual.yml": [
      {
        "type": "Secret Keyword",
        "filename": ".github/workflows/production-new-manual.yml",
        "hashed_secret": "3e26d6750975d678acb8fa35a0f69237881576b0",
        "is_verified": false,
        "line_number": 17
      }
    ],
    ".github/workflows/staging-new-manual.yml": [
      {
        "type": "Secret Keyword",
        "filename": ".github/workflows/staging-new-manual.yml",
        "hashed_secret": "3e26d6750975d678acb8fa35a0f69237881576b0",
        "is_verified": false,
        "line_number": 16
      }
    ],
    ".github/workflows/test-new-manual.yml": [
      {
        "type": "Secret Keyword",
        "filename": ".github/workflows/test-new-manual.yml",
        "hashed_secret": "3e26d6750975d678acb8fa35a0f69237881576b0",
        "is_verified": false,
        "line_number": 16
      }
    ],
    "demo/k8s/secrets.yaml": [
      {
        "type": "Secret Keyword",
        "filename": "demo/k8s/secrets.yaml",
        "hashed_secret": "11b166cc85e3397765fdc6e8862f14698cdf90c9",
        "is_verified": false,
        "line_number": 8
      },
      {
        "type": "Secret Keyword",
        "filename": "demo/k8s/secrets.yaml",
        "hashed_secret": "d033e22ae348aeb5660fc2140aec35850c4da997",
        "is_verified": false,
        "line_number": 10
      },
      {
        "type": "Base64 High Entropy String",
        "filename": "demo/k8s/secrets.yaml",
        "hashed_secret": "8ddecd6cdb196bd53ebfe3a2712337c997e0a283",
        "is_verified": false,
        "line_number": 15
      },
      {
        "type": "Secret Keyword",
        "filename": "demo/k8s/secrets.yaml",
        "hashed_secret": "4906e35e8fb2c894c3fec05ac8dfa556c4d32966",
        "is_verified": false,
        "line_number": 19
      },
      {
        "type": "Secret Keyword",
        "filename": "demo/k8s/secrets.yaml",
        "hashed_secret": "1c8051ec4173fdd7851d4c30f350f477b3d8a0e4",
        "is_verified": false,
        "line_number": 21
      },
      {
        "type": "Secret Keyword",
        "filename": "demo/k8s/secrets.yaml",
        "hashed_secret": "08e17de61426d6274ae0273afa31ea03f80492b1",
        "is_verified": false,
        "line_number": 22
      },
      {
        "type": "Secret Keyword",
        "filename": "demo/k8s/secrets.yaml",
        "hashed_secret": "28264cbc575aded85fbf9142ec4a1965f8c548e6",
        "is_verified": false,
        "line_number": 23
      }
    ],
    "docker-compose.yml": [
      {
        "type": "Secret Keyword",
        "filename": "docker-compose.yml",
        "hashed_secret": "11b166cc85e3397765fdc6e8862f14698cdf90c9",
        "is_verified": false,
        "line_number": 7
      }
    ],
    "docs/LOCATIE_INTEGRATIE_EXTERNE_SYSTEMEN.md": [
      {
        "type": "Secret Keyword",
        "filename": "docs/LOCATIE_INTEGRATIE_EXTERNE_SYSTEMEN.md",
        "hashed_secret": "5baa61e4c9b93f3f0682250b6cf8331b7ee68fd8",
        "is_verified": false,
        "line_number": 909
      }
    ],
    "docs/OAUTH2_PRODUCTION_DEPLOYMENT.md": [
      {
        "type": "Secret Keyword",
        "filename": "docs/OAUTH2_PRODUCTION_DEPLOYMENT.md",
        "hashed_secret": "db1c0e6cc6a26f53a7ceef6a19903a57ab22e569",
        "is_verified": false,
        "line_number": 102
      },
      {
        "type": "Secret Keyword",
        "filename": "docs/OAUTH2_PRODUCTION_DEPLOYMENT.md",
        "hashed_secret": "9d9651668f19bf1fba02f9a22b67d5c013f41050",
        "is_verified": false,
        "line_number": 124
      },
      {
        "type": "Secret Keyword",
        "filename": "docs/OAUTH2_PRODUCTION_DEPLOYMENT.md",
        "hashed_secret": "dca3e8b9275f80b7fbbdb5ac0184143734b37d38",
        "is_verified": false,
        "line_number": 144
      }
    ],
    "docs/SECURITY_OVERVIEW.md": [
      {
        "type": "Secret Keyword",
        "filename": "docs/SECURITY_OVERVIEW.md",
        "hashed_secret": "c303df00cd0a72b21c62900b758b06fc541664ce",
        "is_verified": false,
        "line_number": 381
      },
      {
        "type": "Secret Keyword",
        "filename": "docs/SECURITY_OVERVIEW.md",
        "hashed_secret": "5ba42b5da644f276ecaea10cd8b69c51fd47c3ce",
        "is_verified": false,
        "line_number": 460
      }
    ],
    "keycloak/realm-export.json": [
      {
        "type": "Secret Keyword",
        "filename": "keycloak/realm-export.json",
        "hashed_secret": "301e3de283d1af177e5643272a92b8ae9244a6d8",
        "is_verified": false,
        "line_number": 286
      },
      {
        "type": "Secret Keyword",
        "filename": "keycloak/realm-export.json",
        "hashed_secret": "4906e35e8fb2c894c3fec05ac8dfa556c4d32966",
        "is_verified": false,
        "line_number": 302
      },
      {
        "type": "Secret Keyword",
        "filename": "keycloak/realm-export.json",
        "hashed_secret": "1c8051ec4173fdd7851d4c30f350f477b3d8a0e4",
        "is_verified": false,
        "line_number": 319
      },
      {
        "type": "Secret Keyword",
        "filename": "keycloak/realm-export.json",
        "hashed_secret": "d26ba2bd1adc905ff53a34c0dbd6be13ecd0b752",
        "is_verified": false,
        "line_number": 336
      },
      {
        "type": "Secret Keyword",
        "filename": "keycloak/realm-export.json",
        "hashed_secret": "08e17de61426d6274ae0273afa31ea03f80492b1",
        "is_verified": false,
        "line_number": 355
      },
      {
        "type": "Base64 High Entropy String",
        "filename": "keycloak/realm-export.json",
        "hashed_secret": "b4897a80386ca6e86f7caad421fd7fa4d368fbc5",
        "is_verified": false,
        "line_number": 476
      },
      {
        "type": "Base64 High Entropy String",
        "filename": "keycloak/realm-export.json",
        "hashed_secret": "0d08fbf96451b10562f5e5f81a1c956d1d2a9d64",
        "is_verified": false,
        "line_number": 499
      },
      {
        "type": "Base64 High Entropy String",
        "filename": "keycloak/realm-export.json",
        "hashed_secret": "f744a4923f7b5e65985c29534a18fd5e07dc3fca",
        "is_verified": false,
        "line_number": 522
      },
      {
        "type": "Base64 High Entropy String",
        "filename": "keycloak/realm-export.json",
        "hashed_secret": "bb4c387e17da0d295202002e1ef87b327eb17577",
        "is_verified": false,
        "line_number": 545
      },
      {
        "type": "Base64 High Entropy String",
        "filename": "keycloak/realm-export.json",
        "hashed_secret": "74594ab4b2f56b9a055856e088ebb0aadde25213",
        "is_verified": false,
        "line_number": 568
      },
      {
        "type": "Base64 High Entropy String",
        "filename": "keycloak/realm-export.json",
        "hashed_secret": "8ba4206e2287a5bc92478e407c5ed7bab99ca42e",
        "is_verified": false,
        "line_number": 591
      },
      {
        "type": "Base64 High Entropy String",
        "filename": "keycloak/realm-export.json",
        "hashed_secret": "1281c373e5c5eed81fbc0bedc8bf614e169a966d",
        "is_verified": false,
        "line_number": 614
      },
      {
        "type": "Base64 High Entropy String",
        "filename": "keycloak/realm-export.json",
        "hashed_secret": "2f9bfe13e5e105eb864c18031afaeabbdae28db0",
        "is_verified": false,
        "line_number": 637
      }
    ],
    "specs/008-external-token-auth/contracts/token-exchange-config-contract.md": [
      {
        "type": "Secret Keyword",
        "filename": "specs/008-external-token-auth/contracts/token-exchange-config-contract.md",
        "hashed_secret": "21dde79b804497e122f38dabc393f8e94f103ca6",
        "is_verified": false,
        "line_number": 53
      },
      {
        "type": "Secret Keyword",
        "filename": "specs/008-external-token-auth/contracts/token-exchange-config-contract.md",
        "hashed_secret": "72cb70dbbafe97e5ea13ad88acd65d08389439b0",
        "is_verified": false,
        "line_number": 74
      },
      {
        "type": "Secret Keyword",
        "filename": "specs/008-external-token-auth/contracts/token-exchange-config-contract.md",
        "hashed_secret": "2be621d0f1b4cce754fec629a0d0e35034edb123",
        "is_verified": false,
        "line_number": 357
      }
    ],
    "src/OpenSearch.Net/Responses/ResponseStatics.cs": [
      {
        "type": "Secret Keyword",
        "filename": "src/OpenSearch.Net/Responses/ResponseStatics.cs",
        "hashed_secret": "0f674908b6342fcf2a9842d04699cb008d57d399",
        "is_verified": false,
        "line_number": 134
      }
    ],
    "src/OrganisationRegistry.Api/appsettings.development.json": [
      {
        "type": "Secret Keyword",
        "filename": "src/OrganisationRegistry.Api/appsettings.development.json",
        "hashed_secret": "301e3de283d1af177e5643272a92b8ae9244a6d8",
        "is_verified": false,
        "line_number": 22
      }
    ],
    "src/OrganisationRegistry.SqlServer/Migrations/20161002191638_AddKeyPersonBuildingProjections.Designer.cs": [
      {
        "type": "Base64 High Entropy String",
        "filename": "src/OrganisationRegistry.SqlServer/Migrations/20161002191638_AddKeyPersonBuildingProjections.Designer.cs",
        "hashed_secret": "a3bb9837b26d4f1996da7a7df5926aa20e3f9d7b",
        "is_verified": false,
        "line_number": 12
      }
    ],
    "src/OrganisationRegistry.SqlServer/Migrations/20161018121456_AddFormalFrameworkCategoryProjections.Designer.cs": [
      {
        "type": "Base64 High Entropy String",
        "filename": "src/OrganisationRegistry.SqlServer/Migrations/20161018121456_AddFormalFrameworkCategoryProjections.Designer.cs",
        "hashed_secret": "600ddfc145289df983c139d8cee649c1d4aa50bf",
        "is_verified": false,
        "line_number": 12
      }
    ],
    "src/OrganisationRegistry.SqlServer/Migrations/20161018143920_AddOrganisationClassificationTypeProjections.Designer.cs": [
      {
        "type": "Base64 High Entropy String",
        "filename": "src/OrganisationRegistry.SqlServer/Migrations/20161018143920_AddOrganisationClassificationTypeProjections.Designer.cs",
        "hashed_secret": "d4cb8978dea868985f97a61a135a326ae091234b",
        "is_verified": false,
        "line_number": 12
      }
    ],
    "src/OrganisationRegistry.SqlServer/Migrations/20161020131449_RenameCapacityAndFunctionListViewTables.Designer.cs": [
      {
        "type": "Base64 High Entropy String",
        "filename": "src/OrganisationRegistry.SqlServer/Migrations/20161020131449_RenameCapacityAndFunctionListViewTables.Designer.cs",
        "hashed_secret": "b7f78e2622b289f24c98c6f99efd21e784f6dbc4",
        "is_verified": false,
        "line_number": 11
      }
    ],
    "src/OrganisationRegistry.SqlServer/Migrations/20161024204948_AddOrganisationKeyListProjections.Designer.cs": [
      {
        "type": "Base64 High Entropy String",
        "filename": "src/OrganisationRegistry.SqlServer/Migrations/20161024204948_AddOrganisationKeyListProjections.Designer.cs",
        "hashed_secret": "b4a28d026da7603e6a2232b72a341b6d6e358f2a",
        "is_verified": false,
        "line_number": 11
      }
    ],
    "src/OrganisationRegistry.SqlServer/Migrations/20161024220904_MakeOrganisationKeyValidFromToOptional.Designer.cs": [
      {
        "type": "Base64 High Entropy String",
        "filename": "src/OrganisationRegistry.SqlServer/Migrations/20161024220904_MakeOrganisationKeyValidFromToOptional.Designer.cs",
        "hashed_secret": "e60b9cbd04327237e8974bdae92d631544268f7d",
        "is_verified": false,
        "line_number": 11
      }
    ],
    "src/OrganisationRegistry.SqlServer/Migrations/20161025101725_AddKeyNameToOrganisationKeyListProjections.Designer.cs": [
      {
        "type": "Base64 High Entropy String",
        "filename": "src/OrganisationRegistry.SqlServer/Migrations/20161025101725_AddKeyNameToOrganisationKeyListProjections.Designer.cs",
        "hashed_secret": "19891062ad294dd58b60c2bcbda88889ea577e23",
        "is_verified": false,
        "line_number": 11
      }
    ],
    "src/OrganisationRegistry.SqlServer/Migrations/20161025211408_MakeOrganisationKeyValidFromAndToOptional.Designer.cs": [
      {
        "type": "Base64 High Entropy String",
        "filename": "src/OrganisationRegistry.SqlServer/Migrations/20161025211408_MakeOrganisationKeyValidFromAndToOptional.Designer.cs",
        "hashed_secret": "472eab0bbca5e03d03867ed1c864c5afeb4e2366",
        "is_verified": false,
        "line_number": 11
      }
    ],
    "src/OrganisationRegistry.SqlServer/Migrations/20161025233433_AddSearchFieldsToOrganisationProjection.Designer.cs": [
      {
        "type": "Base64 High Entropy String",
        "filename": "src/OrganisationRegistry.SqlServer/Migrations/20161025233433_AddSearchFieldsToOrganisationProjection.Designer.cs",
        "hashed_secret": "442cb9b3812ef751ca0baa1e4ff69b69c2444bca",
        "is_verified": false,
        "line_number": 11
      }
    ],
    "src/OrganisationRegistry.SqlServer/Migrations/20161025234608_MakeOrganisationSearchFieldsOptional.Designer.cs": [
      {
        "type": "Base64 High Entropy String",
        "filename": "src/OrganisationRegistry.SqlServer/Migrations/20161025234608_MakeOrganisationSearchFieldsOptional.Designer.cs",
        "hashed_secret": "4e543ea816c846a1e22fcc0cdc9db07f49203971",
        "is_verified": false,
        "line_number": 11
      }
    ],
    "src/OrganisationRegistry.SqlServer/Migrations/20161026133826_AddOvoNumberToChildrenView.Designer.cs": [
      {
        "type": "Base64 High Entropy String",
        "filename": "src/OrganisationRegistry.SqlServer/Migrations/20161026133826_AddOvoNumberToChildrenView.Designer.cs",
        "hashed_secret": "812c05e5b19d6f41defbef33f02ed5771d102156",
        "is_verified": false,
        "line_number": 11
      }
    ],
    "src/OrganisationRegistry.SqlServer/Migrations/20161027082354_AddDescriptionToOrganisationListView.Designer.cs": [
      {
        "type": "Base64 High Entropy String",
        "filename": "src/OrganisationRegistry.SqlServer/Migrations/20161027082354_AddDescriptionToOrganisationListView.Designer.cs",
        "hashed_secret": "4f4e1a4a01412f238984dde6ca7df2b85f5dc996",
        "is_verified": false,
        "line_number": 11
      }
    ],
    "src/OrganisationRegistry.SqlServer/Migrations/20161104141856_AddShortNameToOrganisationList.Designer.cs": [
      {
        "type": "Base64 High Entropy String",
        "filename": "src/OrganisationRegistry.SqlServer/Migrations/20161104141856_AddShortNameToOrganisationList.Designer.cs",
        "hashed_secret": "e0b59a8e7a6bf67f8b7f7fc468dbcb1e9898b720",
        "is_verified": false,
        "line_number": 11
      }
    ],
    "src/OrganisationRegistry.SqlServer/Migrations/20161121151329_UpdateOrganisationKeysWithItsOwnGuid.Designer.cs": [
      {
        "type": "Base64 High Entropy String",
        "filename": "src/OrganisationRegistry.SqlServer/Migrations/20161121151329_UpdateOrganisationKeysWithItsOwnGuid.Designer.cs",
        "hashed_secret": "74501ac6d46f1af298c4284e51a61b01c4520866",
        "is_verified": false,
        "line_number": 11
      }
    ],
    "src/OrganisationRegistry.SqlServer/Migrations/20170104122844_AddFormalFrameworkValidityToOrganisationList.Designer.cs": [
      {
        "type": "Base64 High Entropy String",
        "filename": "src/OrganisationRegistry.SqlServer/Migrations/20170104122844_AddFormalFrameworkValidityToOrganisationList.Designer.cs",
        "hashed_secret": "a3d098881df754d0de107ac64a98e712bf2a7a3d",
        "is_verified": false,
        "line_number": 11
      }
    ],
    "src/OrganisationRegistry.SqlServer/Migrations/20170109144452_AddFormalFrameworkValiditiesToOrganisationList.Designer.cs": [
      {
        "type": "Base64 High Entropy String",
        "filename": "src/OrganisationRegistry.SqlServer/Migrations/20170109144452_AddFormalFrameworkValiditiesToOrganisationList.Designer.cs",
        "hashed_secret": "abf9cb488909a7324d5968a266a8bce709e8025a",
        "is_verified": false,
        "line_number": 11
      }
    ],
    "src/OrganisationRegistry.SqlServer/Migrations/20170130141320_AddShowOnVlaamseOverheidSitesColumnToOrganisationDetails.Designer.cs": [
      {
        "type": "Base64 High Entropy String",
        "filename": "src/OrganisationRegistry.SqlServer/Migrations/20170130141320_AddShowOnVlaamseOverheidSitesColumnToOrganisationDetails.Designer.cs",
        "hashed_secret": "e8499dbd338e9e222ef970466dcbe09ce6d08eab",
        "is_verified": false,
        "line_number": 11
      }
    ],
    "src/OrganisationRegistry.SqlServer/Migrations/20170208204456_FundamentallyChangeTheWayVlaanderenBeNotificationsWork.Designer.cs": [
      {
        "type": "Base64 High Entropy String",
        "filename": "src/OrganisationRegistry.SqlServer/Migrations/20170208204456_FundamentallyChangeTheWayVlaanderenBeNotificationsWork.Designer.cs",
        "hashed_secret": "1e14ef928ee706150194c25d15fd5d5787a79bbf",
        "is_verified": false,
        "line_number": 11
      }
    ],
    "src/OrganisationRegistry.SqlServer/Migrations/20170303151855_AddActiveOrganisationFormalFrameworksTable.Designer.cs": [
      {
        "type": "Base64 High Entropy String",
        "filename": "src/OrganisationRegistry.SqlServer/Migrations/20170303151855_AddActiveOrganisationFormalFrameworksTable.Designer.cs",
        "hashed_secret": "2d718b805ad69f7f179d141fe4fedd823a80749d",
        "is_verified": false,
        "line_number": 11
      }
    ],
    "src/OrganisationRegistry.SqlServer/Migrations/20170306145208_AddActiveOrganisationBuildingsTable.Designer.cs": [
      {
        "type": "Base64 High Entropy String",
        "filename": "src/OrganisationRegistry.SqlServer/Migrations/20170306145208_AddActiveOrganisationBuildingsTable.Designer.cs",
        "hashed_secret": "bb1acd6c3b1427c06e5092f99002ef0d883e0b87",
        "is_verified": false,
        "line_number": 11
      }
    ],
    "src/OrganisationRegistry.SqlServer/Migrations/20170306152025_AddActiveOrganisationLocationsTable.Designer.cs": [
      {
        "type": "Base64 High Entropy String",
        "filename": "src/OrganisationRegistry.SqlServer/Migrations/20170306152025_AddActiveOrganisationLocationsTable.Designer.cs",
        "hashed_secret": "f1c1f3f95a300b1e6b90cf1127c66060dc3a5f01",
        "is_verified": false,
        "line_number": 11
      }
    ],
    "src/OrganisationRegistry.SqlServer/Migrations/20170315132641_CreateBodyOrganisationListTable.Designer.cs": [
      {
        "type": "Base64 High Entropy String",
        "filename": "src/OrganisationRegistry.SqlServer/Migrations/20170315132641_CreateBodyOrganisationListTable.Designer.cs",
        "hashed_secret": "4c27252279829d318233426c6de46137f03d1034",
        "is_verified": false,
        "line_number": 11
      }
    ],
    "src/OrganisationRegistry.SqlServer/Migrations/20170316065840_BodyOrgListBodyIdRequired.Designer.cs": [
      {
        "type": "Base64 High Entropy String",
        "filename": "src/OrganisationRegistry.SqlServer/Migrations/20170316065840_BodyOrgListBodyIdRequired.Designer.cs",
        "hashed_secret": "e3956183b76e9f24405973008ea360061269d899",
        "is_verified": false,
        "line_number": 11
      }
    ],
    "src/OrganisationRegistry.SqlServer/Migrations/20170331153210_CreateFutureActiveOrganisationFormalFrameworkTable.Designer.cs": [
      {
        "type": "Base64 High Entropy String",
        "filename": "src/OrganisationRegistry.SqlServer/Migrations/20170331153210_CreateFutureActiveOrganisationFormalFrameworkTable.Designer.cs",
        "hashed_secret": "fd1f9ee224c27cf1c2f63c36ee1592b491248bfa",
        "is_verified": false,
        "line_number": 11
      }
    ],
    "src/OrganisationRegistry.SqlServer/Migrations/20170405113809_CreateFutureActiveOrganisationBuildingsTable.Designer.cs": [
      {
        "type": "Base64 High Entropy String",
        "filename": "src/OrganisationRegistry.SqlServer/Migrations/20170405113809_CreateFutureActiveOrganisationBuildingsTable.Designer.cs",
        "hashed_secret": "e42b24fdc71e2a471dc9bc6fd6ecd3685bb2c07b",
        "is_verified": false,
        "line_number": 11
      }
    ],
    "src/OrganisationRegistry.SqlServer/Migrations/20170405124039_CreateFutureActiveOrganisationLocationsTable.Designer.cs": [
      {
        "type": "Base64 High Entropy String",
        "filename": "src/OrganisationRegistry.SqlServer/Migrations/20170405124039_CreateFutureActiveOrganisationLocationsTable.Designer.cs",
        "hashed_secret": "282cd530a74851c467b175a2a04d53da5fa487aa",
        "is_verified": false,
        "line_number": 11
      }
    ],
    "src/OrganisationRegistry.SqlServer/Migrations/20170419124233_RemoveValidityAndDescriptionFromBodyList.Designer.cs": [
      {
        "type": "Base64 High Entropy String",
        "filename": "src/OrganisationRegistry.SqlServer/Migrations/20170419124233_RemoveValidityAndDescriptionFromBodyList.Designer.cs",
        "hashed_secret": "2dcd6bd9423546fc5695799cd94a7bdd6938d705",
        "is_verified": false,
        "line_number": 11
      }
    ],
    "src/OrganisationRegistry.SqlServer/Migrations/20170424132935_AddScheduledActionsForBodyOrganisations.Designer.cs": [
      {
        "type": "Base64 High Entropy String",
        "filename": "src/OrganisationRegistry.SqlServer/Migrations/20170424132935_AddScheduledActionsForBodyOrganisations.Designer.cs",
        "hashed_secret": "f4418e500de1e66f660f347bf426fe166acc3db6",
        "is_verified": false,
        "line_number": 11
      }
    ],
    "src/OrganisationRegistry.SqlServer/Migrations/20170425131758_AddBodyLifecyclePhaseList.Designer.cs": [
      {
        "type": "Base64 High Entropy String",
        "filename": "src/OrganisationRegistry.SqlServer/Migrations/20170425131758_AddBodyLifecyclePhaseList.Designer.cs",
        "hashed_secret": "236c32a609347adfe7199031a2d1fb64247bab10",
        "is_verified": false,
        "line_number": 11
      }
    ],
    "src/OrganisationRegistry.SqlServer/Migrations/20170426085545_RenameLifecyclePhaseToLifecyclePhaseTypeForBody.Designer.cs": [
      {
        "type": "Base64 High Entropy String",
        "filename": "src/OrganisationRegistry.SqlServer/Migrations/20170426085545_RenameLifecyclePhaseToLifecyclePhaseTypeForBody.Designer.cs",
        "hashed_secret": "90f5181138b7be8be4cb35fc55c99d89b496e578",
        "is_verified": false,
        "line_number": 11
      }
    ],
    "src/OrganisationRegistry.SqlServer/Migrations/20170427105337_ChangeBodyLifecycleValidityPrimaryKey.Designer.cs": [
      {
        "type": "Base64 High Entropy String",
        "filename": "src/OrganisationRegistry.SqlServer/Migrations/20170427105337_ChangeBodyLifecycleValidityPrimaryKey.Designer.cs",
        "hashed_secret": "8436cd601d88f7068bb48ddeafb8a8fd23063dc2",
        "is_verified": false,
        "line_number": 11
      }
    ],
    "src/OrganisationRegistry.SqlServer/Migrations/20170516113745_AddBodyNumberColumnToBodyDetailView.Designer.cs": [
      {
        "type": "Base64 High Entropy String",
        "filename": "src/OrganisationRegistry.SqlServer/Migrations/20170516113745_AddBodyNumberColumnToBodyDetailView.Designer.cs",
        "hashed_secret": "9cdb1453b236e62efac8610ccf05d936df72b317",
        "is_verified": false,
        "line_number": 11
      }
    ],
    "src/OrganisationRegistry.SqlServer/Migrations/20170518114353_BodyAndSeatNumberAreNotUniqueAnymore.Designer.cs": [
      {
        "type": "Base64 High Entropy String",
        "filename": "src/OrganisationRegistry.SqlServer/Migrations/20170518114353_BodyAndSeatNumberAreNotUniqueAnymore.Designer.cs",
        "hashed_secret": "c4c9e19f1b0afcae59842fd83c5f10372b275d29",
        "is_verified": false,
        "line_number": 11
      }
    ],
    "src/OrganisationRegistry.SqlServer/Migrations/20170519135056_DropRequirementForBodyAndBodySeatNumber.Designer.cs": [
      {
        "type": "Base64 High Entropy String",
        "filename": "src/OrganisationRegistry.SqlServer/Migrations/20170519135056_DropRequirementForBodyAndBodySeatNumber.Designer.cs",
        "hashed_secret": "83b15d4e8fd90bfe36c5fd9b34286f6367c91a09",
        "is_verified": false,
        "line_number": 11
      }
    ],
    "src/OrganisationRegistry.SqlServer/Migrations/20170523112756_MakeBodyNumberOptional.Designer.cs": [
      {
        "type": "Base64 High Entropy String",
        "filename": "src/OrganisationRegistry.SqlServer/Migrations/20170523112756_MakeBodyNumberOptional.Designer.cs",
        "hashed_secret": "1f9cf67a21b2f5e23451e776da9dd99a891fe86f",
        "is_verified": false,
        "line_number": 11
      }
    ],
    "src/OrganisationRegistry.SqlServer/Migrations/20170612085359_CreateShownOnVlaamseOverheidSitesPerOrganisationList.Designer.cs": [
      {
        "type": "Base64 High Entropy String",
        "filename": "src/OrganisationRegistry.SqlServer/Migrations/20170612085359_CreateShownOnVlaamseOverheidSitesPerOrganisationList.Designer.cs",
        "hashed_secret": "7d04f3f77991a6c294ff1658219bddbad5633ef0",
        "is_verified": false,
        "line_number": 12
      }
    ],
    "src/OrganisationRegistry.SqlServer/Migrations/20170615092233_CreateIsActivePerOrganisationCapacityList.Designer.cs": [
      {
        "type": "Base64 High Entropy String",
        "filename": "src/OrganisationRegistry.SqlServer/Migrations/20170615092233_CreateIsActivePerOrganisationCapacityList.Designer.cs",
        "hashed_secret": "7f1bb8df8a194ccda0a98475f5a8386f1f7ed4ee",
        "is_verified": false,
        "line_number": 12
      }
    ],
    "src/OrganisationRegistry.SqlServer/Migrations/20170620125749_CreateOrganisationPerBodyTable.Designer.cs": [
      {
        "type": "Base64 High Entropy String",
        "filename": "src/OrganisationRegistry.SqlServer/Migrations/20170620125749_CreateOrganisationPerBodyTable.Designer.cs",
        "hashed_secret": "779f5970f51b3e51d9d62a872d7927b9d01b72c9",
        "is_verified": false,
        "line_number": 12
      }
    ],
    "src/OrganisationRegistry.SqlServer/Migrations/20170620131242_AlterTableBodyOrganisationIdNullable.Designer.cs": [
      {
        "type": "Base64 High Entropy String",
        "filename": "src/OrganisationRegistry.SqlServer/Migrations/20170620131242_AlterTableBodyOrganisationIdNullable.Designer.cs",
        "hashed_secret": "e1ad87125b9c38094e4d09cc6c5b1081381c07b9",
        "is_verified": false,
        "line_number": 12
      }
    ],
    "src/OrganisationRegistry.SqlServer/Migrations/20170705124224_CreateFuturePeopleAssignedToBodyMandatesList.Designer.cs": [
      {
        "type": "Base64 High Entropy String",
        "filename": "src/OrganisationRegistry.SqlServer/Migrations/20170705124224_CreateFuturePeopleAssignedToBodyMandatesList.Designer.cs",
        "hashed_secret": "0cc03e26a654d747502a9e1657232b553248f5a6",
        "is_verified": false,
        "line_number": 12
      }
    ],
    "src/OrganisationRegistry.SqlServer/Migrations/20170705132713_CreateActivePeopleAssignedToBodyMandatesList.Designer.cs": [
      {
        "type": "Base64 High Entropy String",
        "filename": "src/OrganisationRegistry.SqlServer/Migrations/20170705132713_CreateActivePeopleAssignedToBodyMandatesList.Designer.cs",
        "hashed_secret": "7b45a513d616dab00149017d2f441513e19883e7",
        "is_verified": false,
        "line_number": 12
      }
    ],
    "src/OrganisationRegistry.SqlServer/Migrations/20170706113944_AddParentOrganisationsRelationshipIdToOrganisationList.Designer.cs": [
      {
        "type": "Base64 High Entropy String",
        "filename": "src/OrganisationRegistry.SqlServer/Migrations/20170706113944_AddParentOrganisationsRelationshipIdToOrganisationList.Designer.cs",
        "hashed_secret": "8fdeceb7325a7494d760f128314480d02a7126dc",
        "is_verified": false,
        "line_number": 12
      }
    ],
    "src/OrganisationRegistry.SqlServer/Migrations/20170707083659_AddWriteElasticConfiguration.Designer.cs": [
      {
        "type": "Base64 High Entropy String",
        "filename": "src/OrganisationRegistry.SqlServer/Migrations/20170707083659_AddWriteElasticConfiguration.Designer.cs",
        "hashed_secret": "06327a7684269af28de39bd131f15f77f231ffd5",
        "is_verified": false,
        "line_number": 12
      }
    ],
    "src/OrganisationRegistry.SqlServer/Migrations/20170714082305_AddEnableReportingToggles.Designer.cs": [
      {
        "type": "Base64 High Entropy String",
        "filename": "src/OrganisationRegistry.SqlServer/Migrations/20170714082305_AddEnableReportingToggles.Designer.cs",
        "hashed_secret": "9a9520c226fc4a957e6c3d428de1ecd1b7842dc1",
        "is_verified": false,
        "line_number": 12
      }
    ],
    "src/OrganisationRegistry.SqlServer/Migrations/20170714122602_AddCapacityPersonListRunnerAvailableToggle.Designer.cs": [
      {
        "type": "Base64 High Entropy String",
        "filename": "src/OrganisationRegistry.SqlServer/Migrations/20170714122602_AddCapacityPersonListRunnerAvailableToggle.Designer.cs",
        "hashed_secret": "af4c883816578e9e9e6a3b5341db3dd1ba53a028",
        "is_verified": false,
        "line_number": 12
      }
    ],
    "src/OrganisationRegistry.SqlServer/Migrations/20170720115911_CapacityPersonList_OrganisationNotRequired.Designer.cs": [
      {
        "type": "Base64 High Entropy String",
        "filename": "src/OrganisationRegistry.SqlServer/Migrations/20170720115911_CapacityPersonList_OrganisationNotRequired.Designer.cs",
        "hashed_secret": "e622f42b81a9994fca199f58eb31bf5b99327c97",
        "is_verified": false,
        "line_number": 12
      }
    ],
    "src/OrganisationRegistry.SqlServer/Migrations/20170720125348_CapacityPersonList_AddParentOrganisation.Designer.cs": [
      {
        "type": "Base64 High Entropy String",
        "filename": "src/OrganisationRegistry.SqlServer/Migrations/20170720125348_CapacityPersonList_AddParentOrganisation.Designer.cs",
        "hashed_secret": "15173a92bba2a7e6942fb3522af45ae280d2797e",
        "is_verified": false,
        "line_number": 12
      }
    ],
    "src/OrganisationRegistry.SqlServer/Migrations/20170720130244_CapacityPersonList_SetParentOrganisationNullable.Designer.cs": [
      {
        "type": "Base64 High Entropy String",
        "filename": "src/OrganisationRegistry.SqlServer/Migrations/20170720130244_CapacityPersonList_SetParentOrganisationNullable.Designer.cs",
        "hashed_secret": "9772746bac62982d53dcf2bdd86c1117a5419ec1",
        "is_verified": false,
        "line_number": 12
      }
    ],
    "src/OrganisationRegistry.SqlServer/Migrations/20170816104322_AddNumberOfDelegationAssignments.Designer.cs": [
      {
        "type": "Base64 High Entropy String",
        "filename": "src/OrganisationRegistry.SqlServer/Migrations/20170816104322_AddNumberOfDelegationAssignments.Designer.cs",
        "hashed_secret": "ee05395965c68ec52d45c00adae9552e062acd34",
        "is_verified": false,
        "line_number": 12
      }
    ],
    "src/OrganisationRegistry.SqlServer/Migrations/20170816122325_SetPrimaryKeyToBodyMandateIdAndDelegationAssignmentId.Designer.cs": [
      {
        "type": "Base64 High Entropy String",
        "filename": "src/OrganisationRegistry.SqlServer/Migrations/20170816122325_SetPrimaryKeyToBodyMandateIdAndDelegationAssignmentId.Designer.cs",
        "hashed_secret": "f382bde28a2f7de66e20b30b0faf3abc54593775",
        "is_verified": false,
        "line_number": 12
      }
    ],
    "src/OrganisationRegistry.SqlServer/Migrations/20170817073836_RemovePersonCapacityList.Designer.cs": [
      {
        "type": "Base64 High Entropy String",
        "filename": "src/OrganisationRegistry.SqlServer/Migrations/20170817073836_RemovePersonCapacityList.Designer.cs",
        "hashed_secret": "881af2d2a37c2d1ef2c74d00ee1b530145fe53a5",
        "is_verified": false,
        "line_number": 12
      }
    ],
    "src/OrganisationRegistry.SqlServer/Migrations/20170824125559_AddClassificationTypeIdsForReporting.Designer.cs": [
      {
        "type": "Base64 High Entropy String",
        "filename": "src/OrganisationRegistry.SqlServer/Migrations/20170824125559_AddClassificationTypeIdsForReporting.Designer.cs",
        "hashed_secret": "2d37906b3ce796522bde6a0951efcfbdeb231d31",
        "is_verified": false,
        "line_number": 12
      }
    ],
    "src/OrganisationRegistry.SqlServer/Migrations/20170908122903_AddNrAssignedToBodySummaryItem.Designer.cs": [
      {
        "type": "Base64 High Entropy String",
        "filename": "src/OrganisationRegistry.SqlServer/Migrations/20170908122903_AddNrAssignedToBodySummaryItem.Designer.cs",
        "hashed_secret": "68a602a0023f06342fda554094ebc3a7f59209e0",
        "is_verified": false,
        "line_number": 12
      }
    ],
    "src/OrganisationRegistry.SqlServer/Migrations/20170914083957_AddIsAssignedToBodySeatGenderRatio.Designer.cs": [
      {
        "type": "Base64 High Entropy String",
        "filename": "src/OrganisationRegistry.SqlServer/Migrations/20170914083957_AddIsAssignedToBodySeatGenderRatio.Designer.cs",
        "hashed_secret": "4cfb27d73510b040123f3950d469638ce443c957",
        "is_verified": false,
        "line_number": 12
      }
    ],
    "src/OrganisationRegistry.SqlServer/Migrations/20170914113135_AddIsActiveToBodySeatGenderRatio.Designer.cs": [
      {
        "type": "Base64 High Entropy String",
        "filename": "src/OrganisationRegistry.SqlServer/Migrations/20170914113135_AddIsActiveToBodySeatGenderRatio.Designer.cs",
        "hashed_secret": "f3841ee4bb77e4d8d7ed33e98a0971f3daaed112",
        "is_verified": false,
        "line_number": 12
      }
    ],
    "src/OrganisationRegistry.SqlServer/Migrations/20170915074933_RemoveShortNamesFromBodySeatGenderRatio.Designer.cs": [
      {
        "type": "Base64 High Entropy String",
        "filename": "src/OrganisationRegistry.SqlServer/Migrations/20170915074933_RemoveShortNamesFromBodySeatGenderRatio.Designer.cs",
        "hashed_secret": "0148eba1e7963a78d5834a93270e801343a4a2ec",
        "is_verified": false,
        "line_number": 12
      }
    ],
    "src/OrganisationRegistry.SqlServer/Migrations/20170915081318_AddOrganisationCacheTableToBodySeatGenderRatio.Designer.cs": [
      {
        "type": "Base64 High Entropy String",
        "filename": "src/OrganisationRegistry.SqlServer/Migrations/20170915081318_AddOrganisationCacheTableToBodySeatGenderRatio.Designer.cs",
        "hashed_secret": "582df0b42a0bac1a6b96f467168f4205518f7f46",
        "is_verified": false,
        "line_number": 12
      }
    ],
    "src/OrganisationRegistry.SqlServer/Migrations/20170915082213_SetNullableGuidsBodySeatGenderRatio.Designer.cs": [
      {
        "type": "Base64 High Entropy String",
        "filename": "src/OrganisationRegistry.SqlServer/Migrations/20170915082213_SetNullableGuidsBodySeatGenderRatio.Designer.cs",
        "hashed_secret": "4e265bcb8a113feff43b1c84cb02c7b9e09d65f0",
        "is_verified": false,
        "line_number": 12
      }
    ],
    "src/OrganisationRegistry.SqlServer/Migrations/20170915105629_BodySeatGenderRatioPersonCache.Designer.cs": [
      {
        "type": "Base64 High Entropy String",
        "filename": "src/OrganisationRegistry.SqlServer/Migrations/20170915105629_BodySeatGenderRatioPersonCache.Designer.cs",
        "hashed_secret": "f83ca30ded29da1175b5995b1ba27100e63e1352",
        "is_verified": false,
        "line_number": 12
      }
    ],
    "src/OrganisationRegistry.SqlServer/Migrations/20170915142143_AddActiveFlagsToBodySeatGenderRatio.Designer.cs": [
      {
        "type": "Base64 High Entropy String",
        "filename": "src/OrganisationRegistry.SqlServer/Migrations/20170915142143_AddActiveFlagsToBodySeatGenderRatio.Designer.cs",
        "hashed_secret": "5c53abfa3ef250ab63cfab01ab9e9daee2dfbdf0",
        "is_verified": false,
        "line_number": 12
      }
    ],
    "src/OrganisationRegistry.SqlServer/Migrations/20171006064139_AddBodyEventNotifierConfigSettings.Designer.cs": [
      {
        "type": "Base64 High Entropy String",
        "filename": "src/OrganisationRegistry.SqlServer/Migrations/20171006064139_AddBodyEventNotifierConfigSettings.Designer.cs",
        "hashed_secret": "8a03111bbe0285a6ac32a297f6b043a9de8a381a",
        "is_verified": false,
        "line_number": 12
      }
    ],
    "src/OrganisationRegistry.SqlServer/Migrations/20171010093532_RenameDescriptionBodyUriTemplate.Designer.cs": [
      {
        "type": "Base64 High Entropy String",
        "filename": "src/OrganisationRegistry.SqlServer/Migrations/20171010093532_RenameDescriptionBodyUriTemplate.Designer.cs",
        "hashed_secret": "e4597984bf0bf9ef4db1085b8ffddf115b244eda",
        "is_verified": false,
        "line_number": 12
      }
    ],
    "src/OrganisationRegistry.SqlServer/Migrations/20171025071649_AddBicToOrganisationBankAccountProjection.Designer.cs": [
      {
        "type": "Base64 High Entropy String",
        "filename": "src/OrganisationRegistry.SqlServer/Migrations/20171025071649_AddBicToOrganisationBankAccountProjection.Designer.cs",
        "hashed_secret": "1fd51b31e946e2f230868a178c4eaae63d2f7bf5",
        "is_verified": false,
        "line_number": 12
      }
    ],
    "src/OrganisationRegistry.SqlServer/Migrations/20171031092956_AddLocationTypesProjection.Designer.cs": [
      {
        "type": "Base64 High Entropy String",
        "filename": "src/OrganisationRegistry.SqlServer/Migrations/20171031092956_AddLocationTypesProjection.Designer.cs",
        "hashed_secret": "02b7e1e1e80d493157ae3c157659bf59b6183df6",
        "is_verified": false,
        "line_number": 12
      }
    ],
    "src/OrganisationRegistry.SqlServer/Migrations/20171102142545_AddInverseNameToOrgansationRelationType.Designer.cs": [
      {
        "type": "Base64 High Entropy String",
        "filename": "src/OrganisationRegistry.SqlServer/Migrations/20171102142545_AddInverseNameToOrgansationRelationType.Designer.cs",
        "hashed_secret": "9023f6193d111ea56059ff1dd78d0b6ed453b1ae",
        "is_verified": false,
        "line_number": 12
      }
    ],
    "src/OrganisationRegistry.SqlServer/Migrations/20171124203717_UseBodyAsTopEntityForBodySeatGenderRatioProjection.Designer.cs": [
      {
        "type": "Base64 High Entropy String",
        "filename": "src/OrganisationRegistry.SqlServer/Migrations/20171124203717_UseBodyAsTopEntityForBodySeatGenderRatioProjection.Designer.cs",
        "hashed_secret": "da730fc0c0fad0a5f5c73203883ef66cdf550d9e",
        "is_verified": false,
        "line_number": 12
      }
    ],
    "src/OrganisationRegistry.SqlServer/Migrations/20171130131437_AddXRefToBodySeatOrganisationClassification.Designer.cs": [
      {
        "type": "Base64 High Entropy String",
        "filename": "src/OrganisationRegistry.SqlServer/Migrations/20171130131437_AddXRefToBodySeatOrganisationClassification.Designer.cs",
        "hashed_secret": "e61166788d254a1e108e43a6bd54b3d168b455ab",
        "is_verified": false,
        "line_number": 12
      }
    ],
    "src/OrganisationRegistry.SqlServer/Migrations/20171201124335_AddEnableFormalFrameworkParticipationReportingToggle.Designer.cs": [
      {
        "type": "Base64 High Entropy String",
        "filename": "src/OrganisationRegistry.SqlServer/Migrations/20171201124335_AddEnableFormalFrameworkParticipationReportingToggle.Designer.cs",
        "hashed_secret": "2da8611236df5e67de435df31455df7dd9173a69",
        "is_verified": false,
        "line_number": 12
      }
    ],
    "src/OrganisationRegistry.SqlServer/Migrations/20171201124453_AddEnableOrganisationClassificationParticipationReportingToggle.Designer.cs": [
      {
        "type": "Base64 High Entropy String",
        "filename": "src/OrganisationRegistry.SqlServer/Migrations/20171201124453_AddEnableOrganisationClassificationParticipationReportingToggle.Designer.cs",
        "hashed_secret": "cb9035c120e1d32f29602408f64ada83c14f9924",
        "is_verified": false,
        "line_number": 12
      }
    ],
    "src/OrganisationRegistry.SqlServer/Migrations/20171207082823_AddOrganisationClassificationTypeIdToReportingProjection.Designer.cs": [
      {
        "type": "Base64 High Entropy String",
        "filename": "src/OrganisationRegistry.SqlServer/Migrations/20171207082823_AddOrganisationClassificationTypeIdToReportingProjection.Designer.cs",
        "hashed_secret": "f5f2d79c484fafc80c6ff4f4607132ea711fe26d",
        "is_verified": false,
        "line_number": 12
      }
    ],
    "src/OrganisationRegistry.SqlServer/Migrations/20171207174925_AddFunctionTypeIdToReportingProjection.Designer.cs": [
      {
        "type": "Base64 High Entropy String",
        "filename": "src/OrganisationRegistry.SqlServer/Migrations/20171207174925_AddFunctionTypeIdToReportingProjection.Designer.cs",
        "hashed_secret": "1803c9cdd519d94232904800db267307c60db95e",
        "is_verified": false,
        "line_number": 12
      }
    ],
    "src/OrganisationRegistry.SqlServer/Migrations/20171207175014_AddEnableFunctionTypeReportingToggle.Designer.cs": [
      {
        "type": "Base64 High Entropy String",
        "filename": "src/OrganisationRegistry.SqlServer/Migrations/20171207175014_AddEnableFunctionTypeReportingToggle.Designer.cs",
        "hashed_secret": "967abe71483c0de7da4bab9463ed19d2430aa6e5",
        "is_verified": false,
        "line_number": 12
      }
    ],
    "src/OrganisationRegistry.SqlServer/Migrations/20171208133338_AddMinisterFunctionTypeIdToApiConfig.Designer.cs": [
      {
        "type": "Base64 High Entropy String",
        "filename": "src/OrganisationRegistry.SqlServer/Migrations/20171208133338_AddMinisterFunctionTypeIdToApiConfig.Designer.cs",
        "hashed_secret": "cb5111bae96688cc78d7f1de8a23252cf3f12532",
        "is_verified": false,
        "line_number": 12
      }
    ],
    "src/OrganisationRegistry.SqlServer/Migrations/20171208141556_RemoveMinisterFunctionTypeIdToApiConfig.Designer.cs": [
      {
        "type": "Base64 High Entropy String",
        "filename": "src/OrganisationRegistry.SqlServer/Migrations/20171208141556_RemoveMinisterFunctionTypeIdToApiConfig.Designer.cs",
        "hashed_secret": "2d87dd616755ba5ee44b6ddfdd2ae0b98bf092dd",
        "is_verified": false,
        "line_number": 12
      }
    ],
    "src/OrganisationRegistry.SqlServer/Migrations/20171208143541_RemoveFunctionTypeIdFromGenderRatioProjection.Designer.cs": [
      {
        "type": "Base64 High Entropy String",
        "filename": "src/OrganisationRegistry.SqlServer/Migrations/20171208143541_RemoveFunctionTypeIdFromGenderRatioProjection.Designer.cs",
        "hashed_secret": "34e2ab23afb99b26aa4bee9bc0073473512e73a0",
        "is_verified": false,
        "line_number": 12
      }
    ],
    "src/OrganisationRegistry.SqlServer/Migrations/20171221085851_AddEnableVademecumReportingToggle.Designer.cs": [
      {
        "type": "Base64 High Entropy String",
        "filename": "src/OrganisationRegistry.SqlServer/Migrations/20171221085851_AddEnableVademecumReportingToggle.Designer.cs",
        "hashed_secret": "9d6d3dcd45db3b090691c89d8368431cc1d35ad7",
        "is_verified": false,
        "line_number": 12
      }
    ],
    "src/OrganisationRegistry.SqlServer/Migrations/20180104102304_AddBodyFormalFrameworkUriNotifierConfigSettings.Designer.cs": [
      {
        "type": "Base64 High Entropy String",
        "filename": "src/OrganisationRegistry.SqlServer/Migrations/20180104102304_AddBodyFormalFrameworkUriNotifierConfigSettings.Designer.cs",
        "hashed_secret": "49377d83dddc60deda3f275d152bfa4a39e80dd4",
        "is_verified": false,
        "line_number": 12
      }
    ],
    "src/OrganisationRegistry.SqlServer/Migrations/20180118095345_AddConfigParamsForReporting.Designer.cs": [
      {
        "type": "Base64 High Entropy String",
        "filename": "src/OrganisationRegistry.SqlServer/Migrations/20180118095345_AddConfigParamsForReporting.Designer.cs",
        "hashed_secret": "4f0b27c859e296ca0395909e92003438d04f10cf",
        "is_verified": false,
        "line_number": 16
      }
    ],
    "src/OrganisationRegistry.SqlServer/Migrations/20180126092034_AddInverseNameToOrganisationRelationProjections.Designer.cs": [
      {
        "type": "Base64 High Entropy String",
        "filename": "src/OrganisationRegistry.SqlServer/Migrations/20180126092034_AddInverseNameToOrganisationRelationProjections.Designer.cs",
        "hashed_secret": "c5872d105a1039523b4a099be04439079cfa43a2",
        "is_verified": false,
        "line_number": 16
      }
    ],
    "src/OrganisationRegistry.SqlServer/Migrations/20180209091012_AddEnableFormalFrameworkBodiesReportToggle.Designer.cs": [
      {
        "type": "Base64 High Entropy String",
        "filename": "src/OrganisationRegistry.SqlServer/Migrations/20180209091012_AddEnableFormalFrameworkBodiesReportToggle.Designer.cs",
        "hashed_secret": "19da204dee2976f9662dc74cfa68629ee3ac076f",
        "is_verified": false,
        "line_number": 16
      }
    ],
    "src/OrganisationRegistry.SqlServer/Migrations/20180503134958_AddOIDCAuthConfigSettings.Designer.cs": [
      {
        "type": "Base64 High Entropy String",
        "filename": "src/OrganisationRegistry.SqlServer/Migrations/20180503134958_AddOIDCAuthConfigSettings.Designer.cs",
        "hashed_secret": "4b8741d6301b8850561832fba0e1aaa25bb44729",
        "is_verified": false,
        "line_number": 16
      }
    ],
    "src/OrganisationRegistry.SqlServer/Migrations/20180503134958_AddOIDCAuthConfigSettings.cs": [
      {
        "type": "Base64 High Entropy String",
        "filename": "src/OrganisationRegistry.SqlServer/Migrations/20180503134958_AddOIDCAuthConfigSettings.cs",
        "hashed_secret": "2e9d4f3cc504acf5175ba9a3bed533b9cb7dee0a",
        "is_verified": false,
        "line_number": 13
      }
    ],
    "src/OrganisationRegistry.SqlServer/Migrations/20180724113957_AddRegisteredOfficeLocationTypeIdToApiConfig.Designer.cs": [
      {
        "type": "Base64 High Entropy String",
        "filename": "src/OrganisationRegistry.SqlServer/Migrations/20180724113957_AddRegisteredOfficeLocationTypeIdToApiConfig.Designer.cs",
        "hashed_secret": "07c246a97c6d649a958667f2d72f08bb98d7ffd9",
        "is_verified": false,
        "line_number": 16
      }
    ],
    "src/OrganisationRegistry.SqlServer/Migrations/20180823102955_AddBodySeatGenderRatioOrganisationCache.Designer.cs": [
      {
        "type": "Base64 High Entropy String",
        "filename": "src/OrganisationRegistry.SqlServer/Migrations/20180823102955_AddBodySeatGenderRatioOrganisationCache.Designer.cs",
        "hashed_secret": "b0358bfe50416dde81288e4478cec5fc9d6ce045",
        "is_verified": false,
        "line_number": 16
      }
    ],
    "src/OrganisationRegistry.SqlServer/Migrations/20180824115429_AddMepFormalFrameworkIdToApiConfig.Designer.cs": [
      {
        "type": "Base64 High Entropy String",
        "filename": "src/OrganisationRegistry.SqlServer/Migrations/20180824115429_AddMepFormalFrameworkIdToApiConfig.Designer.cs",
        "hashed_secret": "927c6bd03afb04f08ffec451c8130fd43509b941",
        "is_verified": false,
        "line_number": 16
      }
    ],
    "src/OrganisationRegistry.SqlServer/Migrations/20180904085604_AddBodyClassificationTypeProjections.Designer.cs": [
      {
        "type": "Base64 High Entropy String",
        "filename": "src/OrganisationRegistry.SqlServer/Migrations/20180904085604_AddBodyClassificationTypeProjections.Designer.cs",
        "hashed_secret": "6ab853c7dfcc3e17e27961f165142644e68da896",
        "is_verified": false,
        "line_number": 12
      }
    ],
    "src/OrganisationRegistry.SqlServer/Migrations/20180904113456_AddBodyClassificationProjections.Designer.cs": [
      {
        "type": "Base64 High Entropy String",
        "filename": "src/OrganisationRegistry.SqlServer/Migrations/20180904113456_AddBodyClassificationProjections.Designer.cs",
        "hashed_secret": "88d976d6d64e00d4f230ea31a4c046646a4db5d8",
        "is_verified": false,
        "line_number": 12
      }
    ],
    "src/OrganisationRegistry.SqlServer/Migrations/20180913141855_AddRelatedOrgansationOvoNumber.Designer.cs": [
      {
        "type": "Base64 High Entropy String",
        "filename": "src/OrganisationRegistry.SqlServer/Migrations/20180913141855_AddRelatedOrgansationOvoNumber.Designer.cs",
        "hashed_secret": "c3e7723991b475008a07fe0220b3f82f3c892865",
        "is_verified": false,
        "line_number": 16
      }
    ],
    "src/OrganisationRegistry.SqlServer/Migrations/20190226100405_AddExternalKeyToClassifications.Designer.cs": [
      {
        "type": "Base64 High Entropy String",
        "filename": "src/OrganisationRegistry.SqlServer/Migrations/20190226100405_AddExternalKeyToClassifications.Designer.cs",
        "hashed_secret": "895fd7083523dcf8fc762e97ac9d1d7a6fd0b323",
        "is_verified": false,
        "line_number": 16
      }
    ],
    "src/OrganisationRegistry.SqlServer/Migrations/20190620075837_AddKboV2ConfigurationSettings.Designer.cs": [
      {
        "type": "Base64 High Entropy String",
        "filename": "src/OrganisationRegistry.SqlServer/Migrations/20190620075837_AddKboV2ConfigurationSettings.Designer.cs",
        "hashed_secret": "5a8d39c0aa60fabd515c6d209d283bce8376d879",
        "is_verified": false,
        "line_number": 16
      }
    ],
    "src/OrganisationRegistry.SqlServer/Migrations/20190628095246_AddKboNumberToOrganisationDetailList.Designer.cs": [
      {
        "type": "Base64 High Entropy String",
        "filename": "src/OrganisationRegistry.SqlServer/Migrations/20190628095246_AddKboNumberToOrganisationDetailList.Designer.cs",
        "hashed_secret": "05947688d31e24c37ab487a96795ab0377a4f7a5",
        "is_verified": false,
        "line_number": 16
      }
    ],
    "src/OrganisationRegistry.SqlServer/Migrations/20190711083737_AddSourceToOrganisationBankAccountList.Designer.cs": [
      {
        "type": "Base64 High Entropy String",
        "filename": "src/OrganisationRegistry.SqlServer/Migrations/20190711083737_AddSourceToOrganisationBankAccountList.Designer.cs",
        "hashed_secret": "36ef7158d4aac4b7fb02edbc5a2846ca4e1b7d1e",
        "is_verified": false,
        "line_number": 16
      }
    ],
    "src/OrganisationRegistry.SqlServer/Migrations/20190711085156_AddSourceToOrganisationLabelList.Designer.cs": [
      {
        "type": "Base64 High Entropy String",
        "filename": "src/OrganisationRegistry.SqlServer/Migrations/20190711085156_AddSourceToOrganisationLabelList.Designer.cs",
        "hashed_secret": "2287d019046e0efbe124d6b54e340cf8fe23a97a",
        "is_verified": false,
        "line_number": 16
      }
    ],
    "src/OrganisationRegistry.SqlServer/Migrations/20200319191851_ClarifyKboSyncItemProperties.Designer.cs": [
      {
        "type": "Base64 High Entropy String",
        "filename": "src/OrganisationRegistry.SqlServer/Migrations/20200319191851_ClarifyKboSyncItemProperties.Designer.cs",
        "hashed_secret": "5e9a9048bcec596049a4e059536e03d118ff021e",
        "is_verified": false,
        "line_number": 13
      }
    ],
    "src/OrganisationRegistry.SqlServer/Migrations/20200427084219_MakeIsBalancedParticipationObligatoryNullable.Designer.cs": [
      {
        "type": "Base64 High Entropy String",
        "filename": "src/OrganisationRegistry.SqlServer/Migrations/20200427084219_MakeIsBalancedParticipationObligatoryNullable.Designer.cs",
        "hashed_secret": "f7562433c503ae662e30e45f715f5fb85ae943b0",
        "is_verified": false,
        "line_number": 13
      }
    ],
    "src/OrganisationRegistry.SqlServer/Migrations/20200427135526_AddIsEffectiveColumnToSeatType.Designer.cs": [
      {
        "type": "Base64 High Entropy String",
        "filename": "src/OrganisationRegistry.SqlServer/Migrations/20200427135526_AddIsEffectiveColumnToSeatType.Designer.cs",
        "hashed_secret": "e60bc0a3ee88258c3f1971310c1eb11bbb8e10ae",
        "is_verified": false,
        "line_number": 13
      }
    ],
    "src/OrganisationRegistry.SqlServer/Migrations/20200519120412_AddIsEffectiveColumnToReportProjections.Designer.cs": [
      {
        "type": "Base64 High Entropy String",
        "filename": "src/OrganisationRegistry.SqlServer/Migrations/20200519120412_AddIsEffectiveColumnToReportProjections.Designer.cs",
        "hashed_secret": "dee2b837ea3b7fa3461cb69a4606dfda97e71722",
        "is_verified": false,
        "line_number": 13
      }
    ],
    "src/OrganisationRegistry.SqlServer/Migrations/20200820130416_AddBodyClassificationTypeConfigurationData.Designer.cs": [
      {
        "type": "Base64 High Entropy String",
        "filename": "src/OrganisationRegistry.SqlServer/Migrations/20200820130416_AddBodyClassificationTypeConfigurationData.Designer.cs",
        "hashed_secret": "63af554e00e351132e6aef096f998d62649fbd0e",
        "is_verified": false,
        "line_number": 13
      }
    ],
    "src/OrganisationRegistry.SqlServer/Migrations/20200921134326_ChangeKboTerminationListItemViewPK.Designer.cs": [
      {
        "type": "Base64 High Entropy String",
        "filename": "src/OrganisationRegistry.SqlServer/Migrations/20200921134326_ChangeKboTerminationListItemViewPK.Designer.cs",
        "hashed_secret": "15ef713de59a9c80bec7593fcb68d8a5fd00b30d",
        "is_verified": false,
        "line_number": 13
      }
    ],
    "src/OrganisationRegistry.SqlServer/Migrations/20210809120034_AddIsActiveToOrganisationCapacity.Designer.cs": [
      {
        "type": "Base64 High Entropy String",
        "filename": "src/OrganisationRegistry.SqlServer/Migrations/20210809120034_AddIsActiveToOrganisationCapacity.Designer.cs",
        "hashed_secret": "11b60eec34d0268ec6e564c8ffdad933261323b5",
        "is_verified": false,
        "line_number": 13
      }
    ],
    "src/OrganisationRegistry.SqlServer/Migrations/20211108133545_AddRegulationSubThemes.Designer.cs": [
      {
        "type": "Base64 High Entropy String",
        "filename": "src/OrganisationRegistry.SqlServer/Migrations/20211108133545_AddRegulationSubThemes.Designer.cs",
        "hashed_secret": "a8fe7f7be5c82e2748642f38c45ce125985f9322",
        "is_verified": false,
        "line_number": 13
      }
    ],
    "src/OrganisationRegistry.SqlServer/Migrations/20211108145742_AddRegulationSubThemesToOrganisationRegulations.Designer.cs": [
      {
        "type": "Base64 High Entropy String",
        "filename": "src/OrganisationRegistry.SqlServer/Migrations/20211108145742_AddRegulationSubThemesToOrganisationRegulations.Designer.cs",
        "hashed_secret": "39c1a8fa761cf4ffa2099fa4a7300a480834b834",
        "is_verified": false,
        "line_number": 13
      }
    ],
    "src/OrganisationRegistry.SqlServer/Migrations/20220302084933_AlterTable_OrganisationCapacityList_Set_IsActive_NotNull.Designer.cs": [
      {
        "type": "Base64 High Entropy String",
        "filename": "src/OrganisationRegistry.SqlServer/Migrations/20220302084933_AlterTable_OrganisationCapacityList_Set_IsActive_NotNull.Designer.cs",
        "hashed_secret": "ce0586c5764ce48ffd12325f21d677d80ad1a642",
        "is_verified": false,
        "line_number": 13
      }
    ],
    "src/OrganisationRegistry.SqlServer/Migrations/20220502075724_AlterTable_KeyTypeList_AddColumn_IsRemoved.Designer.cs": [
      {
        "type": "Base64 High Entropy String",
        "filename": "src/OrganisationRegistry.SqlServer/Migrations/20220502075724_AlterTable_KeyTypeList_AddColumn_IsRemoved.Designer.cs",
        "hashed_secret": "acf712ee889de61a4d1fec17532882e22f4c1424",
        "is_verified": false,
        "line_number": 15
      }
    ],
    "src/OrganisationRegistry.SqlServer/Migrations/20220502130825_AlterTable_OrganisationKeyList_AddColumn_ScheduledForRemoval.Designer.cs": [
      {
        "type": "Base64 High Entropy String",
        "filename": "src/OrganisationRegistry.SqlServer/Migrations/20220502130825_AlterTable_OrganisationKeyList_AddColumn_ScheduledForRemoval.Designer.cs",
        "hashed_secret": "cc23aa49b219cc70dae530bafc7975a9cff675e0",
        "is_verified": false,
        "line_number": 15
      }
    ],
    "src/OrganisationRegistry.SqlServer/Migrations/20220510080541_AlterTable_CapacityList_AddColumn_IsRemoved.Designer.cs": [
      {
        "type": "Base64 High Entropy String",
        "filename": "src/OrganisationRegistry.SqlServer/Migrations/20220510080541_AlterTable_CapacityList_AddColumn_IsRemoved.Designer.cs",
        "hashed_secret": "47495199dd7f9898cb1d4ad35075e702e54d30e8",
        "is_verified": false,
        "line_number": 15
      }
    ],
    "src/OrganisationRegistry.SqlServer/Migrations/20220510081431_AlterTable_OrganisationCapacityList_AddColumn_ScheduledForRemoval.Designer.cs": [
      {
        "type": "Base64 High Entropy String",
        "filename": "src/OrganisationRegistry.SqlServer/Migrations/20220510081431_AlterTable_OrganisationCapacityList_AddColumn_ScheduledForRemoval.Designer.cs",
        "hashed_secret": "92bd11409cb3d16d2c8c071d55144c5c61a30004",
        "is_verified": false,
        "line_number": 15
      }
    ],
    "src/OrganisationRegistry.SqlServer/Migrations/20220516135736_AlterTable_ImportOrganisationsStatusList_AddUserColumns.Designer.cs": [
      {
        "type": "Base64 High Entropy String",
        "filename": "src/OrganisationRegistry.SqlServer/Migrations/20220516135736_AlterTable_ImportOrganisationsStatusList_AddUserColumns.Designer.cs",
        "hashed_secret": "1f8ead7f813d0bb7d3ddf554c255710e1f976692",
        "is_verified": false,
        "line_number": 15
      }
    ],
    "src/OrganisationRegistry.SqlServer/Migrations/20220530121337_AlterTable_ImportOrganisationsStatusList_AddColumn_OutputFileContent.Designer.cs": [
      {
        "type": "Base64 High Entropy String",
        "filename": "src/OrganisationRegistry.SqlServer/Migrations/20220530121337_AlterTable_ImportOrganisationsStatusList_AddColumn_OutputFileContent.Designer.cs",
        "hashed_secret": "2e9a8f044c279b64d3da7eb57cba614b65e4c1d2",
        "is_verified": false,
        "line_number": 15
      }
    ],
    "src/OrganisationRegistry.SqlServer/Migrations/20220609080554_AlterTable_OrganisationDetailList_AddSourceColumns.Designer.cs": [
      {
        "type": "Base64 High Entropy String",
        "filename": "src/OrganisationRegistry.SqlServer/Migrations/20220609080554_AlterTable_OrganisationDetailList_AddSourceColumns.Designer.cs",
        "hashed_secret": "af68df2b48d897a561571a5acc3093c4b3dc6bfb",
        "is_verified": false,
        "line_number": 15
      }
    ],
    "src/OrganisationRegistry.SqlServer/Migrations/20220609092628_AlterTable_ImportOrganisationsStatusList_AddColumn_UserFirstName.Designer.cs": [
      {
        "type": "Base64 High Entropy String",
        "filename": "src/OrganisationRegistry.SqlServer/Migrations/20220609092628_AlterTable_ImportOrganisationsStatusList_AddColumn_UserFirstName.Designer.cs",
        "hashed_secret": "5be4066f1cd0918854a3cbd388b29e44b8774694",
        "is_verified": false,
        "line_number": 15
      }
    ],
    "src/OrganisationRegistry.SqlServer/Migrations/20220620094959_AlterTable_ImportOrganisationsStatusList_AddColumn_ImportFileType.Designer.cs": [
      {
        "type": "Base64 High Entropy String",
        "filename": "src/OrganisationRegistry.SqlServer/Migrations/20220620094959_AlterTable_ImportOrganisationsStatusList_AddColumn_ImportFileType.Designer.cs",
        "hashed_secret": "9a89e7b7c0d59a9b62717c94598d0fc2070d8ff1",
        "is_verified": false,
        "line_number": 15
      }
    ],
    "src/OrganisationRegistry.SqlServer/Migrations/20220623083241_AlterTable_ImportOrganisationsStatusList_AddColumn_UserRoles.Designer.cs": [
      {
        "type": "Base64 High Entropy String",
        "filename": "src/OrganisationRegistry.SqlServer/Migrations/20220623083241_AlterTable_ImportOrganisationsStatusList_AddColumn_UserRoles.Designer.cs",
        "hashed_secret": "a0cba33419c92860ced4b2096c330d4c2ec4f406",
        "is_verified": false,
        "line_number": 15
      }
    ],
    "src/OrganisationRegistry.SqlServer/Migrations/20220711142342_AlterTable_OrganisationClassificationType_AddColumn_AllowDifferentClassificationsToOverlap.Designer.cs": [
      {
        "type": "Base64 High Entropy String",
        "filename": "src/OrganisationRegistry.SqlServer/Migrations/20220711142342_AlterTable_OrganisationClassificationType_AddColumn_AllowDifferentClassificationsToOverlap.Designer.cs",
        "hashed_secret": "c6cf0457df891e41b2493260cc212cef302135d0",
        "is_verified": false,
        "line_number": 15
      }
    ],
    "src/OrganisationRegistry.SqlServer/Migrations/20220727085817_AlterTable_ContactTypeList_AddValidationColumns.Designer.cs": [
      {
        "type": "Base64 High Entropy String",
        "filename": "src/OrganisationRegistry.SqlServer/Migrations/20220727085817_AlterTable_ContactTypeList_AddValidationColumns.Designer.cs",
        "hashed_secret": "416c4d9f5d2168bcc4a57e3ff23363d86068bf60",
        "is_verified": false,
        "line_number": 15
      }
    ],
    "src/OrganisationRegistry.SqlServer/Migrations/20260424160808_RemoveOIDCTokenEndPointFromDatabase.Designer.cs": [
      {
        "type": "Base64 High Entropy String",
        "filename": "src/OrganisationRegistry.SqlServer/Migrations/20260424160808_RemoveOIDCTokenEndPointFromDatabase.Designer.cs",
        "hashed_secret": "6a0df82b54a7d9a107f2b9c5fc25cdd54b69f136",
        "is_verified": false,
        "line_number": 15
      }
    ],
    "src/OrganisationRegistry.SqlServer/Migrations/20260430103600_RemoveStaleOidcConfigurationKeys.cs": [
      {
        "type": "Base64 High Entropy String",
        "filename": "src/OrganisationRegistry.SqlServer/Migrations/20260430103600_RemoveStaleOidcConfigurationKeys.cs",
        "hashed_secret": "2af2620965d57dc2ddb26ac43505eaf790648259",
        "is_verified": false,
        "line_number": 11
      }
    ],
    "src/OrganisationRegistry.UI/assets/js/vlaanderen-ui.js": [
      {
        "type": "Hex High Entropy String",
        "filename": "src/OrganisationRegistry.UI/assets/js/vlaanderen-ui.js",
        "hashed_secret": "c77d9e711c91ef2cd38928219a8f96cc704f32b7",
        "is_verified": false,
        "line_number": 3
      },
      {
        "type": "Hex High Entropy String",
        "filename": "src/OrganisationRegistry.UI/assets/js/vlaanderen-ui.js",
        "hashed_secret": "cbe4e3caf4b56bebafab35e93c33c2d2540e81d6",
        "is_verified": false,
        "line_number": 3
      },
      {
        "type": "Hex High Entropy String",
        "filename": "src/OrganisationRegistry.UI/assets/js/vlaanderen-ui.js",
        "hashed_secret": "ef8d64305db24a878a236709563479e89d23f9a4",
        "is_verified": false,
        "line_number": 3
      },
      {
        "type": "Hex High Entropy String",
        "filename": "src/OrganisationRegistry.UI/assets/js/vlaanderen-ui.js",
        "hashed_secret": "762cf4578f0743d1afc98cf274f3925e280b4d96",
        "is_verified": false,
        "line_number": 4
      }
    ],
    "src/OrganisationRegistry.UI/assets/vendor/concat.js": [
      {
        "type": "Hex High Entropy String",
        "filename": "src/OrganisationRegistry.UI/assets/vendor/concat.js",
        "hashed_secret": "c77d9e711c91ef2cd38928219a8f96cc704f32b7",
        "is_verified": false,
        "line_number": 1535
      },
      {
        "type": "Hex High Entropy String",
        "filename": "src/OrganisationRegistry.UI/assets/vendor/concat.js",
        "hashed_secret": "cbe4e3caf4b56bebafab35e93c33c2d2540e81d6",
        "is_verified": false,
        "line_number": 1539
      },
      {
        "type": "Hex High Entropy String",
        "filename": "src/OrganisationRegistry.UI/assets/vendor/concat.js",
        "hashed_secret": "ef8d64305db24a878a236709563479e89d23f9a4",
        "is_verified": false,
        "line_number": 1540
      },
      {
        "type": "Hex High Entropy String",
        "filename": "src/OrganisationRegistry.UI/assets/vendor/concat.js",
        "hashed_secret": "762cf4578f0743d1afc98cf274f3925e280b4d96",
        "is_verified": false,
        "line_number": 1606
      }
    ],
    "src/OrganisationRegistry.UI/assets/vendor/vlaanderen-ui.js": [
      {
        "type": "Hex High Entropy String",
        "filename": "src/OrganisationRegistry.UI/assets/vendor/vlaanderen-ui.js",
        "hashed_secret": "c77d9e711c91ef2cd38928219a8f96cc704f32b7",
        "is_verified": false,
        "line_number": 3
      },
      {
        "type": "Hex High Entropy String",
        "filename": "src/OrganisationRegistry.UI/assets/vendor/vlaanderen-ui.js",
        "hashed_secret": "cbe4e3caf4b56bebafab35e93c33c2d2540e81d6",
        "is_verified": false,
        "line_number": 3
      },
      {
        "type": "Hex High Entropy String",
        "filename": "src/OrganisationRegistry.UI/assets/vendor/vlaanderen-ui.js",
        "hashed_secret": "ef8d64305db24a878a236709563479e89d23f9a4",
        "is_verified": false,
        "line_number": 3
      },
      {
        "type": "Hex High Entropy String",
        "filename": "src/OrganisationRegistry.UI/assets/vendor/vlaanderen-ui.js",
        "hashed_secret": "762cf4578f0743d1afc98cf274f3925e280b4d96",
        "is_verified": false,
        "line_number": 4
      }
    ],
    "src/OrganisationRegistry.Vue2/public/static/vlaanderen-ui/vlaanderen-ui-2.5.2.js": [
      {
        "type": "Hex High Entropy String",
        "filename": "src/OrganisationRegistry.Vue2/public/static/vlaanderen-ui/vlaanderen-ui-2.5.2.js",
        "hashed_secret": "762cf4578f0743d1afc98cf274f3925e280b4d96",
        "is_verified": false,
        "line_number": 4
      },
      {
        "type": "Hex High Entropy String",
        "filename": "src/OrganisationRegistry.Vue2/public/static/vlaanderen-ui/vlaanderen-ui-2.5.2.js",
        "hashed_secret": "c77d9e711c91ef2cd38928219a8f96cc704f32b7",
        "is_verified": false,
        "line_number": 4
      },
      {
        "type": "Hex High Entropy String",
        "filename": "src/OrganisationRegistry.Vue2/public/static/vlaanderen-ui/vlaanderen-ui-2.5.2.js",
        "hashed_secret": "cbe4e3caf4b56bebafab35e93c33c2d2540e81d6",
        "is_verified": false,
        "line_number": 4
      },
      {
        "type": "Hex High Entropy String",
        "filename": "src/OrganisationRegistry.Vue2/public/static/vlaanderen-ui/vlaanderen-ui-2.5.2.js",
        "hashed_secret": "ef8d64305db24a878a236709563479e89d23f9a4",
        "is_verified": false,
        "line_number": 4
      }
    ],
    "test/OrganisationRegistry.Api.IntegrationTests/EditApi/CreateBankAccountNumberTests.cs": [
      {
        "type": "Hex High Entropy String",
        "filename": "test/OrganisationRegistry.Api.IntegrationTests/EditApi/CreateBankAccountNumberTests.cs",
        "hashed_secret": "879f9c43dd85b855731b93f8719a4b2fbd69d59d",
        "is_verified": false,
        "line_number": 33
      }
    ],
    "test/OrganisationRegistry.Api.IntegrationTests/appsettings.json": [
      {
        "type": "Base64 High Entropy String",
        "filename": "test/OrganisationRegistry.Api.IntegrationTests/appsettings.json",
        "hashed_secret": "19076c347aa07d1775327b177a69b45157e9a54f",
        "is_verified": false,
        "line_number": 58
      },
      {
        "type": "Secret Keyword",
        "filename": "test/OrganisationRegistry.Api.IntegrationTests/appsettings.json",
        "hashed_secret": "301e3de283d1af177e5643272a92b8ae9244a6d8",
        "is_verified": false,
        "line_number": 126
      }
    ],
    "test/OrganisationRegistry.UnitTests/Magda/KboOrganisationRetrieverTests.cs": [
      {
        "type": "Hex High Entropy String",
        "filename": "test/OrganisationRegistry.UnitTests/Magda/KboOrganisationRetrieverTests.cs",
        "hashed_secret": "ccee431fbba98c9e4e3d9b9ca5dd3140a1e135e2",
        "is_verified": false,
        "line_number": 132
      }
    ],
    "test/OrganisationRegistry.UnitTests/MagdaResponses/0202239951.json": [
      {
        "type": "Hex High Entropy String",
        "filename": "test/OrganisationRegistry.UnitTests/MagdaResponses/0202239951.json",
        "hashed_secret": "9777424e9fa63656f15a666ed17565a55caed6ff",
        "is_verified": false,
        "line_number": 427
      },
      {
        "type": "Hex High Entropy String",
        "filename": "test/OrganisationRegistry.UnitTests/MagdaResponses/0202239951.json",
        "hashed_secret": "8a81d5f0fe86adf27e992b481fe027c15fde185a",
        "is_verified": false,
        "line_number": 436
      },
      {
        "type": "Hex High Entropy String",
        "filename": "test/OrganisationRegistry.UnitTests/MagdaResponses/0202239951.json",
        "hashed_secret": "9be50944dee9a36751a14fa80ce2e52de5340dad",
        "is_verified": false,
        "line_number": 454
      }
    ],
    "test/OrganisationRegistry.UnitTests/MagdaResponses/0404055577.json": [
      {
        "type": "Hex High Entropy String",
        "filename": "test/OrganisationRegistry.UnitTests/MagdaResponses/0404055577.json",
        "hashed_secret": "ccee431fbba98c9e4e3d9b9ca5dd3140a1e135e2",
        "is_verified": false,
        "line_number": 2829
      }
    ],
    "test/OrganisationRegistry.UnitTests/MagdaResponses/0472225692.json": [
      {
        "type": "Hex High Entropy String",
        "filename": "test/OrganisationRegistry.UnitTests/MagdaResponses/0472225692.json",
        "hashed_secret": "31d174fd7a011842f0fe258429c185b85c43dd1d",
        "is_verified": false,
        "line_number": 142
      }
    ],
    "test/OrganisationRegistry.UnitTests/MagdaResponses/0845851975.json": [
      {
        "type": "Hex High Entropy String",
        "filename": "test/OrganisationRegistry.UnitTests/MagdaResponses/0845851975.json",
        "hashed_secret": "e5775fd332de88553b92a973fe0d808b5aa5c479",
        "is_verified": false,
        "line_number": 153
      }
    ],
    "test/OrganisationRegistry.UnitTests/MagdaResponses/0863557445.json": [
      {
        "type": "Hex High Entropy String",
        "filename": "test/OrganisationRegistry.UnitTests/MagdaResponses/0863557445.json",
        "hashed_secret": "a577fe0c04bce5a622bceaf7f9dff26f23592a60",
        "is_verified": false,
        "line_number": 153
      }
    ],
    "test/OrganisationRegistry.UnitTests/Organisation/Kbo/CoupleAlreadyCoupledOrganisationToKboTests.cs": [
      {
        "type": "Hex High Entropy String",
        "filename": "test/OrganisationRegistry.UnitTests/Organisation/Kbo/CoupleAlreadyCoupledOrganisationToKboTests.cs",
        "hashed_secret": "6f4ec22299c1e4599d481abc6b6013af2e6774b1",
        "is_verified": false,
        "line_number": 101
      }
    ],
    "test/OrganisationRegistry.UnitTests/Organisation/Kbo/CoupleOrganisationToKboTests.cs": [
      {
        "type": "Hex High Entropy String",
        "filename": "test/OrganisationRegistry.UnitTests/Organisation/Kbo/CoupleOrganisationToKboTests.cs",
        "hashed_secret": "6f4ec22299c1e4599d481abc6b6013af2e6774b1",
        "is_verified": false,
        "line_number": 107
      },
      {
        "type": "Hex High Entropy String",
        "filename": "test/OrganisationRegistry.UnitTests/Organisation/Kbo/CoupleOrganisationToKboTests.cs",
        "hashed_secret": "9eff50d88ee2e4a5a2271765e982cb736450ea5a",
        "is_verified": false,
        "line_number": 217
      }
    ],
    "test/OrganisationRegistry.UnitTests/Organisation/Kbo/CoupleOrganisationToKboWithoutAddressAndLegalFormTests.cs": [
      {
        "type": "Hex High Entropy String",
        "filename": "test/OrganisationRegistry.UnitTests/Organisation/Kbo/CoupleOrganisationToKboWithoutAddressAndLegalFormTests.cs",
        "hashed_secret": "6f4ec22299c1e4599d481abc6b6013af2e6774b1",
        "is_verified": false,
        "line_number": 112
      },
      {
        "type": "Hex High Entropy String",
        "filename": "test/OrganisationRegistry.UnitTests/Organisation/Kbo/CoupleOrganisationToKboWithoutAddressAndLegalFormTests.cs",
        "hashed_secret": "9eff50d88ee2e4a5a2271765e982cb736450ea5a",
        "is_verified": false,
        "line_number": 189
      }
    ],
    "test/OrganisationRegistry.UnitTests/Organisation/Kbo/CoupleWithAlreadyUsedKboNumberTests.cs": [
      {
        "type": "Hex High Entropy String",
        "filename": "test/OrganisationRegistry.UnitTests/Organisation/Kbo/CoupleWithAlreadyUsedKboNumberTests.cs",
        "hashed_secret": "6f4ec22299c1e4599d481abc6b6013af2e6774b1",
        "is_verified": false,
        "line_number": 126
      }
    ],
    "test/OrganisationRegistry.UnitTests/Organisation/Kbo/CreateOrganisationFromKboTests.cs": [
      {
        "type": "Hex High Entropy String",
        "filename": "test/OrganisationRegistry.UnitTests/Organisation/Kbo/CreateOrganisationFromKboTests.cs",
        "hashed_secret": "6f4ec22299c1e4599d481abc6b6013af2e6774b1",
        "is_verified": false,
        "line_number": 121
      },
      {
        "type": "Hex High Entropy String",
        "filename": "test/OrganisationRegistry.UnitTests/Organisation/Kbo/CreateOrganisationFromKboTests.cs",
        "hashed_secret": "9eff50d88ee2e4a5a2271765e982cb736450ea5a",
        "is_verified": false,
        "line_number": 254
      }
    ],
    "test/OrganisationRegistry.UnitTests/Organisation/Kbo/CreateOrganisationFromKboWithoutAddressAndLegalFormTests.cs": [
      {
        "type": "Hex High Entropy String",
        "filename": "test/OrganisationRegistry.UnitTests/Organisation/Kbo/CreateOrganisationFromKboWithoutAddressAndLegalFormTests.cs",
        "hashed_secret": "6f4ec22299c1e4599d481abc6b6013af2e6774b1",
        "is_verified": false,
        "line_number": 131
      },
      {
        "type": "Hex High Entropy String",
        "filename": "test/OrganisationRegistry.UnitTests/Organisation/Kbo/CreateOrganisationFromKboWithoutAddressAndLegalFormTests.cs",
        "hashed_secret": "9eff50d88ee2e4a5a2271765e982cb736450ea5a",
        "is_verified": false,
        "line_number": 233
      }
    ],
    "test/OrganisationRegistry.UnitTests/Organisation/Kbo/UpdateFromKboTests.cs": [
      {
        "type": "Hex High Entropy String",
        "filename": "test/OrganisationRegistry.UnitTests/Organisation/Kbo/UpdateFromKboTests.cs",
        "hashed_secret": "6f4ec22299c1e4599d481abc6b6013af2e6774b1",
        "is_verified": false,
        "line_number": 35
      }
    ],
    "test/OrganisationRegistry.UnitTests/Organisation/Kbo/UpdateFromKboWithoutChangesTests.cs": [
      {
        "type": "Hex High Entropy String",
        "filename": "test/OrganisationRegistry.UnitTests/Organisation/Kbo/UpdateFromKboWithoutChangesTests.cs",
        "hashed_secret": "6f4ec22299c1e4599d481abc6b6013af2e6774b1",
        "is_verified": false,
        "line_number": 60
      }
    ],
    "test/OrganisationRegistry.UnitTests/Organisation/Kbo/UpdateFromKboWithoutLegalFormTests.cs": [
      {
        "type": "Hex High Entropy String",
        "filename": "test/OrganisationRegistry.UnitTests/Organisation/Kbo/UpdateFromKboWithoutLegalFormTests.cs",
        "hashed_secret": "6f4ec22299c1e4599d481abc6b6013af2e6774b1",
        "is_verified": false,
        "line_number": 59
      }
    ]
  },
  "generated_at": "2026-09-16T14:17:52Z"
}
